hi i am johnma. what's your name?
